// Jest Snapshot v1, https://goo.gl/fbAQLP

exports[`matches snapshot 1`] = `
<div
  data-testid="getNonogram"
>
  <div
    className="puzzle"
  >
    <div>
      <div
        className="row"
      >
         
        <div
          className="top-number-column"
        >
          <div
            className="to-be-solved-top"
          >
            1
          </div>
        </div>
        <div
          className="top-number-column"
        >
          <div
            className="to-be-solved-top"
          >
            1
          </div>
          <div
            className="to-be-solved-top"
          >
            1
          </div>
          <div
            className="to-be-solved-top"
          >
            2
          </div>
        </div>
        <div
          className="top-number-column"
        >
          <div
            className="to-be-solved-top"
          >
            1
          </div>
          <div
            className="to-be-solved-top"
          >
            2
          </div>
          <div
            className="to-be-solved-top"
          >
            2
          </div>
        </div>
        <div
          className="top-number-column"
        >
          <div
            className="to-be-solved-top"
          >
            1
          </div>
          <div
            className="to-be-solved-top"
          >
            1
          </div>
        </div>
        <div
          className="top-number-column"
        >
          <div
            className="to-be-solved-top"
          >
            1
          </div>
          <div
            className="to-be-solved-top"
          >
            1
          </div>
          <div
            className="to-be-solved-top"
          >
            1
          </div>
        </div>
        <div
          className="top-number-column"
        >
          <div
            className="to-be-solved-top"
          >
            1
          </div>
          <div
            className="to-be-solved-top"
          >
            2
          </div>
          <div
            className="to-be-solved-top"
          >
            1
          </div>
        </div>
        <div
          className="top-number-column"
        >
          <div
            className="to-be-solved-top"
          >
            1
          </div>
          <div
            className="to-be-solved-top"
          >
            1
          </div>
        </div>
        <div
          className="top-number-column"
        >
          <div
            className="to-be-solved-top"
          >
            1
          </div>
          <div
            className="to-be-solved-top"
          >
            2
          </div>
          <div
            className="to-be-solved-top"
          >
            2
          </div>
        </div>
        <div
          className="top-number-column"
        >
          <div
            className="to-be-solved-top"
          >
            1
          </div>
          <div
            className="to-be-solved-top"
          >
            1
          </div>
          <div
            className="to-be-solved-top"
          >
            2
          </div>
        </div>
        <div
          className="top-number-column"
        >
          <div
            className="to-be-solved-top"
          >
            1
          </div>
        </div>
         
      </div>
      <div
        className="row"
      >
         
        <div
          className="to-be-solved-side"
        >
          10
        </div>
        <div
          className="square"
          data-testid="square"
          onContextMenu={[Function]}
          onMouseDown={[Function]}
          onMouseEnter={[Function]}
        />
        <div
          className="square"
          data-testid="square"
          onContextMenu={[Function]}
          onMouseDown={[Function]}
          onMouseEnter={[Function]}
        />
        <div
          className="square"
          data-testid="square"
          onContextMenu={[Function]}
          onMouseDown={[Function]}
          onMouseEnter={[Function]}
        />
        <div
          className="square"
          data-testid="square"
          onContextMenu={[Function]}
          onMouseDown={[Function]}
          onMouseEnter={[Function]}
        />
        <div
          className="square"
          data-testid="square"
          onContextMenu={[Function]}
          onMouseDown={[Function]}
          onMouseEnter={[Function]}
        />
        <div
          className="square"
          data-testid="square"
          onContextMenu={[Function]}
          onMouseDown={[Function]}
          onMouseEnter={[Function]}
        />
        <div
          className="square"
          data-testid="square"
          onContextMenu={[Function]}
          onMouseDown={[Function]}
          onMouseEnter={[Function]}
        />
        <div
          className="square"
          data-testid="square"
          onContextMenu={[Function]}
          onMouseDown={[Function]}
          onMouseEnter={[Function]}
        />
        <div
          className="square"
          data-testid="square"
          onContextMenu={[Function]}
          onMouseDown={[Function]}
          onMouseEnter={[Function]}
        />
        <div
          className="square"
          data-testid="square"
          onContextMenu={[Function]}
          onMouseDown={[Function]}
          onMouseEnter={[Function]}
        />
         
      </div>
      <div
        className="row"
      >
         
        <div
          className="solved-side"
        >
          0
        </div>
        <div
          className="square"
          data-testid="square"
          onContextMenu={[Function]}
          onMouseDown={[Function]}
          onMouseEnter={[Function]}
        />
        <div
          className="square"
          data-testid="square"
          onContextMenu={[Function]}
          onMouseDown={[Function]}
          onMouseEnter={[Function]}
        />
        <div
          className="square"
          data-testid="square"
          onContextMenu={[Function]}
          onMouseDown={[Function]}
          onMouseEnter={[Function]}
        />
        <div
          className="square"
          data-testid="square"
          onContextMenu={[Function]}
          onMouseDown={[Function]}
          onMouseEnter={[Function]}
        />
        <div
          className="square"
          data-testid="square"
          onContextMenu={[Function]}
          onMouseDown={[Function]}
          onMouseEnter={[Function]}
        />
        <div
          className="square"
          data-testid="square"
          onContextMenu={[Function]}
          onMouseDown={[Function]}
          onMouseEnter={[Function]}
        />
        <div
          className="square"
          data-testid="square"
          onContextMenu={[Function]}
          onMouseDown={[Function]}
          onMouseEnter={[Function]}
        />
        <div
          className="square"
          data-testid="square"
          onContextMenu={[Function]}
          onMouseDown={[Function]}
          onMouseEnter={[Function]}
        />
        <div
          className="square"
          data-testid="square"
          onContextMenu={[Function]}
          onMouseDown={[Function]}
          onMouseEnter={[Function]}
        />
        <div
          className="square"
          data-testid="square"
          onContextMenu={[Function]}
          onMouseDown={[Function]}
          onMouseEnter={[Function]}
        />
         
      </div>
      <div
        className="row"
      >
         
        <div
          className="to-be-solved-side"
        >
          2
        </div>
        <div
          className="to-be-solved-side"
        >
          2
        </div>
        <div
          className="square"
          data-testid="square"
          onContextMenu={[Function]}
          onMouseDown={[Function]}
          onMouseEnter={[Function]}
        />
        <div
          className="square"
          data-testid="square"
          onContextMenu={[Function]}
          onMouseDown={[Function]}
          onMouseEnter={[Function]}
        />
        <div
          className="square"
          data-testid="square"
          onContextMenu={[Function]}
          onMouseDown={[Function]}
          onMouseEnter={[Function]}
        />
        <div
          className="square"
          data-testid="square"
          onContextMenu={[Function]}
          onMouseDown={[Function]}
          onMouseEnter={[Function]}
        />
        <div
          className="square"
          data-testid="square"
          onContextMenu={[Function]}
          onMouseDown={[Function]}
          onMouseEnter={[Function]}
        />
        <div
          className="square"
          data-testid="square"
          onContextMenu={[Function]}
          onMouseDown={[Function]}
          onMouseEnter={[Function]}
        />
        <div
          className="square"
          data-testid="square"
          onContextMenu={[Function]}
          onMouseDown={[Function]}
          onMouseEnter={[Function]}
        />
        <div
          className="square"
          data-testid="square"
          onContextMenu={[Function]}
          onMouseDown={[Function]}
          onMouseEnter={[Function]}
        />
        <div
          className="square"
          data-testid="square"
          onContextMenu={[Function]}
          onMouseDown={[Function]}
          onMouseEnter={[Function]}
        />
        <div
          className="square"
          data-testid="square"
          onContextMenu={[Function]}
          onMouseDown={[Function]}
          onMouseEnter={[Function]}
        />
         
      </div>
      <div
        className="row"
      >
         
        <div
          className="to-be-solved-side"
        >
          1
        </div>
        <div
          className="to-be-solved-side"
        >
          1
        </div>
        <div
          className="square"
          data-testid="square"
          onContextMenu={[Function]}
          onMouseDown={[Function]}
          onMouseEnter={[Function]}
        />
        <div
          className="square"
          data-testid="square"
          onContextMenu={[Function]}
          onMouseDown={[Function]}
          onMouseEnter={[Function]}
        />
        <div
          className="square"
          data-testid="square"
          onContextMenu={[Function]}
          onMouseDown={[Function]}
          onMouseEnter={[Function]}
        />
        <div
          className="square"
          data-testid="square"
          onContextMenu={[Function]}
          onMouseDown={[Function]}
          onMouseEnter={[Function]}
        />
        <div
          className="square"
          data-testid="square"
          onContextMenu={[Function]}
          onMouseDown={[Function]}
          onMouseEnter={[Function]}
        />
        <div
          className="square"
          data-testid="square"
          onContextMenu={[Function]}
          onMouseDown={[Function]}
          onMouseEnter={[Function]}
        />
        <div
          className="square"
          data-testid="square"
          onContextMenu={[Function]}
          onMouseDown={[Function]}
          onMouseEnter={[Function]}
        />
        <div
          className="square"
          data-testid="square"
          onContextMenu={[Function]}
          onMouseDown={[Function]}
          onMouseEnter={[Function]}
        />
        <div
          className="square"
          data-testid="square"
          onContextMenu={[Function]}
          onMouseDown={[Function]}
          onMouseEnter={[Function]}
        />
        <div
          className="square"
          data-testid="square"
          onContextMenu={[Function]}
          onMouseDown={[Function]}
          onMouseEnter={[Function]}
        />
         
      </div>
      <div
        className="row"
      >
         
        <div
          className="to-be-solved-side"
        >
          1
        </div>
        <div
          className="square"
          data-testid="square"
          onContextMenu={[Function]}
          onMouseDown={[Function]}
          onMouseEnter={[Function]}
        />
        <div
          className="square"
          data-testid="square"
          onContextMenu={[Function]}
          onMouseDown={[Function]}
          onMouseEnter={[Function]}
        />
        <div
          className="square"
          data-testid="square"
          onContextMenu={[Function]}
          onMouseDown={[Function]}
          onMouseEnter={[Function]}
        />
        <div
          className="square"
          data-testid="square"
          onContextMenu={[Function]}
          onMouseDown={[Function]}
          onMouseEnter={[Function]}
        />
        <div
          className="square"
          data-testid="square"
          onContextMenu={[Function]}
          onMouseDown={[Function]}
          onMouseEnter={[Function]}
        />
        <div
          className="square"
          data-testid="square"
          onContextMenu={[Function]}
          onMouseDown={[Function]}
          onMouseEnter={[Function]}
        />
        <div
          className="square"
          data-testid="square"
          onContextMenu={[Function]}
          onMouseDown={[Function]}
          onMouseEnter={[Function]}
        />
        <div
          className="square"
          data-testid="square"
          onContextMenu={[Function]}
          onMouseDown={[Function]}
          onMouseEnter={[Function]}
        />
        <div
          className="square"
          data-testid="square"
          onContextMenu={[Function]}
          onMouseDown={[Function]}
          onMouseEnter={[Function]}
        />
        <div
          className="square"
          data-testid="square"
          onContextMenu={[Function]}
          onMouseDown={[Function]}
          onMouseEnter={[Function]}
        />
         
      </div>
      <div
        className="row"
      >
         
        <div
          className="to-be-solved-side"
        >
          2
        </div>
        <div
          className="square"
          data-testid="square"
          onContextMenu={[Function]}
          onMouseDown={[Function]}
          onMouseEnter={[Function]}
        />
        <div
          className="square"
          data-testid="square"
          onContextMenu={[Function]}
          onMouseDown={[Function]}
          onMouseEnter={[Function]}
        />
        <div
          className="square"
          data-testid="square"
          onContextMenu={[Function]}
          onMouseDown={[Function]}
          onMouseEnter={[Function]}
        />
        <div
          className="square"
          data-testid="square"
          onContextMenu={[Function]}
          onMouseDown={[Function]}
          onMouseEnter={[Function]}
        />
        <div
          className="square"
          data-testid="square"
          onContextMenu={[Function]}
          onMouseDown={[Function]}
          onMouseEnter={[Function]}
        />
        <div
          className="square"
          data-testid="square"
          onContextMenu={[Function]}
          onMouseDown={[Function]}
          onMouseEnter={[Function]}
        />
        <div
          className="square"
          data-testid="square"
          onContextMenu={[Function]}
          onMouseDown={[Function]}
          onMouseEnter={[Function]}
        />
        <div
          className="square"
          data-testid="square"
          onContextMenu={[Function]}
          onMouseDown={[Function]}
          onMouseEnter={[Function]}
        />
        <div
          className="square"
          data-testid="square"
          onContextMenu={[Function]}
          onMouseDown={[Function]}
          onMouseEnter={[Function]}
        />
        <div
          className="square"
          data-testid="square"
          onContextMenu={[Function]}
          onMouseDown={[Function]}
          onMouseEnter={[Function]}
        />
         
      </div>
      <div
        className="row"
      >
         
        <div
          className="to-be-solved-side"
        >
          1
        </div>
        <div
          className="to-be-solved-side"
        >
          1
        </div>
        <div
          className="square"
          data-testid="square"
          onContextMenu={[Function]}
          onMouseDown={[Function]}
          onMouseEnter={[Function]}
        />
        <div
          className="square"
          data-testid="square"
          onContextMenu={[Function]}
          onMouseDown={[Function]}
          onMouseEnter={[Function]}
        />
        <div
          className="square"
          data-testid="square"
          onContextMenu={[Function]}
          onMouseDown={[Function]}
          onMouseEnter={[Function]}
        />
        <div
          className="square"
          data-testid="square"
          onContextMenu={[Function]}
          onMouseDown={[Function]}
          onMouseEnter={[Function]}
        />
        <div
          className="square"
          data-testid="square"
          onContextMenu={[Function]}
          onMouseDown={[Function]}
          onMouseEnter={[Function]}
        />
        <div
          className="square"
          data-testid="square"
          onContextMenu={[Function]}
          onMouseDown={[Function]}
          onMouseEnter={[Function]}
        />
        <div
          className="square"
          data-testid="square"
          onContextMenu={[Function]}
          onMouseDown={[Function]}
          onMouseEnter={[Function]}
        />
        <div
          className="square"
          data-testid="square"
          onContextMenu={[Function]}
          onMouseDown={[Function]}
          onMouseEnter={[Function]}
        />
        <div
          className="square"
          data-testid="square"
          onContextMenu={[Function]}
          onMouseDown={[Function]}
          onMouseEnter={[Function]}
        />
        <div
          className="square"
          data-testid="square"
          onContextMenu={[Function]}
          onMouseDown={[Function]}
          onMouseEnter={[Function]}
        />
         
      </div>
      <div
        className="row"
      >
         
        <div
          className="to-be-solved-side"
        >
          2
        </div>
        <div
          className="to-be-solved-side"
        >
          2
        </div>
        <div
          className="square"
          data-testid="square"
          onContextMenu={[Function]}
          onMouseDown={[Function]}
          onMouseEnter={[Function]}
        />
        <div
          className="square"
          data-testid="square"
          onContextMenu={[Function]}
          onMouseDown={[Function]}
          onMouseEnter={[Function]}
        />
        <div
          className="square"
          data-testid="square"
          onContextMenu={[Function]}
          onMouseDown={[Function]}
          onMouseEnter={[Function]}
        />
        <div
          className="square"
          data-testid="square"
          onContextMenu={[Function]}
          onMouseDown={[Function]}
          onMouseEnter={[Function]}
        />
        <div
          className="square"
          data-testid="square"
          onContextMenu={[Function]}
          onMouseDown={[Function]}
          onMouseEnter={[Function]}
        />
        <div
          className="square"
          data-testid="square"
          onContextMenu={[Function]}
          onMouseDown={[Function]}
          onMouseEnter={[Function]}
        />
        <div
          className="square"
          data-testid="square"
          onContextMenu={[Function]}
          onMouseDown={[Function]}
          onMouseEnter={[Function]}
        />
        <div
          className="square"
          data-testid="square"
          onContextMenu={[Function]}
          onMouseDown={[Function]}
          onMouseEnter={[Function]}
        />
        <div
          className="square"
          data-testid="square"
          onContextMenu={[Function]}
          onMouseDown={[Function]}
          onMouseEnter={[Function]}
        />
        <div
          className="square"
          data-testid="square"
          onContextMenu={[Function]}
          onMouseDown={[Function]}
          onMouseEnter={[Function]}
        />
         
      </div>
      <div
        className="row"
      >
         
        <div
          className="to-be-solved-side"
        >
          6
        </div>
        <div
          className="square"
          data-testid="square"
          onContextMenu={[Function]}
          onMouseDown={[Function]}
          onMouseEnter={[Function]}
        />
        <div
          className="square"
          data-testid="square"
          onContextMenu={[Function]}
          onMouseDown={[Function]}
          onMouseEnter={[Function]}
        />
        <div
          className="square"
          data-testid="square"
          onContextMenu={[Function]}
          onMouseDown={[Function]}
          onMouseEnter={[Function]}
        />
        <div
          className="square"
          data-testid="square"
          onContextMenu={[Function]}
          onMouseDown={[Function]}
          onMouseEnter={[Function]}
        />
        <div
          className="square"
          data-testid="square"
          onContextMenu={[Function]}
          onMouseDown={[Function]}
          onMouseEnter={[Function]}
        />
        <div
          className="square"
          data-testid="square"
          onContextMenu={[Function]}
          onMouseDown={[Function]}
          onMouseEnter={[Function]}
        />
        <div
          className="square"
          data-testid="square"
          onContextMenu={[Function]}
          onMouseDown={[Function]}
          onMouseEnter={[Function]}
        />
        <div
          className="square"
          data-testid="square"
          onContextMenu={[Function]}
          onMouseDown={[Function]}
          onMouseEnter={[Function]}
        />
        <div
          className="square"
          data-testid="square"
          onContextMenu={[Function]}
          onMouseDown={[Function]}
          onMouseEnter={[Function]}
        />
        <div
          className="square"
          data-testid="square"
          onContextMenu={[Function]}
          onMouseDown={[Function]}
          onMouseEnter={[Function]}
        />
         
      </div>
      <div
        className="row"
      >
         
        <div
          className="solved-side"
        >
          0
        </div>
        <div
          className="square"
          data-testid="square"
          onContextMenu={[Function]}
          onMouseDown={[Function]}
          onMouseEnter={[Function]}
        />
        <div
          className="square"
          data-testid="square"
          onContextMenu={[Function]}
          onMouseDown={[Function]}
          onMouseEnter={[Function]}
        />
        <div
          className="square"
          data-testid="square"
          onContextMenu={[Function]}
          onMouseDown={[Function]}
          onMouseEnter={[Function]}
        />
        <div
          className="square"
          data-testid="square"
          onContextMenu={[Function]}
          onMouseDown={[Function]}
          onMouseEnter={[Function]}
        />
        <div
          className="square"
          data-testid="square"
          onContextMenu={[Function]}
          onMouseDown={[Function]}
          onMouseEnter={[Function]}
        />
        <div
          className="square"
          data-testid="square"
          onContextMenu={[Function]}
          onMouseDown={[Function]}
          onMouseEnter={[Function]}
        />
        <div
          className="square"
          data-testid="square"
          onContextMenu={[Function]}
          onMouseDown={[Function]}
          onMouseEnter={[Function]}
        />
        <div
          className="square"
          data-testid="square"
          onContextMenu={[Function]}
          onMouseDown={[Function]}
          onMouseEnter={[Function]}
        />
        <div
          className="square"
          data-testid="square"
          onContextMenu={[Function]}
          onMouseDown={[Function]}
          onMouseEnter={[Function]}
        />
        <div
          className="square"
          data-testid="square"
          onContextMenu={[Function]}
          onMouseDown={[Function]}
          onMouseEnter={[Function]}
        />
         
      </div>
    </div>
  </div>
</div>
`;
