// Jest Snapshot v1, https://goo.gl/fbAQLP

exports[`matches snapshot 1`] = `
<div
  className="creating"
  data-testid="creating"
>
  <div
    className="center"
  >
    <div
      className="options"
      data-testid="options"
    >
      <label
        htmlFor="name"
      >
        Name: 
      </label>
      <input
        className="name-input"
        data-testid="optName"
        id="name"
        onChange={[Function]}
        type="text"
        value=""
      />
      <div
        className="name-warning"
      >
        
      </div>
      <div>
        <label
          htmlFor="width"
        >
          Width:
        </label>
        <input
          className="size-input"
          data-testid="optHeight"
          id="width"
          max="30"
          min="1"
          onChange={[Function]}
          type="number"
          value={10}
        />
        <label
          htmlFor="height"
        >
          Height:
        </label>
        <input
          className="size-input"
          data-testid="optWidth"
          id="height"
          max="30"
          min="1"
          onChange={[Function]}
          type="number"
          value={10}
        />
      </div>
      <div
        className="size-warning"
      >
        
      </div>
      <button
        className="save-button"
        onClick={[Function]}
      >
        Save nonogram
      </button>
      <div
        className="save-state"
      />
    </div>
  </div>
  <div
    className="center"
  >
    <div
      className="drawing-grid"
      data-testid="drawingGrid"
    >
      <div
        className="draw-row"
      >
        <div
          className="draw-square"
          data-testid="drawSquare"
          onMouseDown={[Function]}
          onMouseEnter={[Function]}
        />
        <div
          className="draw-square"
          data-testid="drawSquare"
          onMouseDown={[Function]}
          onMouseEnter={[Function]}
        />
        <div
          className="draw-square"
          data-testid="drawSquare"
          onMouseDown={[Function]}
          onMouseEnter={[Function]}
        />
        <div
          className="draw-square"
          data-testid="drawSquare"
          onMouseDown={[Function]}
          onMouseEnter={[Function]}
        />
        <div
          className="draw-square"
          data-testid="drawSquare"
          onMouseDown={[Function]}
          onMouseEnter={[Function]}
        />
        <div
          className="draw-square"
          data-testid="drawSquare"
          onMouseDown={[Function]}
          onMouseEnter={[Function]}
        />
        <div
          className="draw-square"
          data-testid="drawSquare"
          onMouseDown={[Function]}
          onMouseEnter={[Function]}
        />
        <div
          className="draw-square"
          data-testid="drawSquare"
          onMouseDown={[Function]}
          onMouseEnter={[Function]}
        />
        <div
          className="draw-square"
          data-testid="drawSquare"
          onMouseDown={[Function]}
          onMouseEnter={[Function]}
        />
        <div
          className="draw-square"
          data-testid="drawSquare"
          onMouseDown={[Function]}
          onMouseEnter={[Function]}
        />
      </div>
      <div
        className="draw-row"
      >
        <div
          className="draw-square"
          data-testid="drawSquare"
          onMouseDown={[Function]}
          onMouseEnter={[Function]}
        />
        <div
          className="draw-square"
          data-testid="drawSquare"
          onMouseDown={[Function]}
          onMouseEnter={[Function]}
        />
        <div
          className="draw-square"
          data-testid="drawSquare"
          onMouseDown={[Function]}
          onMouseEnter={[Function]}
        />
        <div
          className="draw-square"
          data-testid="drawSquare"
          onMouseDown={[Function]}
          onMouseEnter={[Function]}
        />
        <div
          className="draw-square"
          data-testid="drawSquare"
          onMouseDown={[Function]}
          onMouseEnter={[Function]}
        />
        <div
          className="draw-square"
          data-testid="drawSquare"
          onMouseDown={[Function]}
          onMouseEnter={[Function]}
        />
        <div
          className="draw-square"
          data-testid="drawSquare"
          onMouseDown={[Function]}
          onMouseEnter={[Function]}
        />
        <div
          className="draw-square"
          data-testid="drawSquare"
          onMouseDown={[Function]}
          onMouseEnter={[Function]}
        />
        <div
          className="draw-square"
          data-testid="drawSquare"
          onMouseDown={[Function]}
          onMouseEnter={[Function]}
        />
        <div
          className="draw-square"
          data-testid="drawSquare"
          onMouseDown={[Function]}
          onMouseEnter={[Function]}
        />
      </div>
      <div
        className="draw-row"
      >
        <div
          className="draw-square"
          data-testid="drawSquare"
          onMouseDown={[Function]}
          onMouseEnter={[Function]}
        />
        <div
          className="draw-square"
          data-testid="drawSquare"
          onMouseDown={[Function]}
          onMouseEnter={[Function]}
        />
        <div
          className="draw-square"
          data-testid="drawSquare"
          onMouseDown={[Function]}
          onMouseEnter={[Function]}
        />
        <div
          className="draw-square"
          data-testid="drawSquare"
          onMouseDown={[Function]}
          onMouseEnter={[Function]}
        />
        <div
          className="draw-square"
          data-testid="drawSquare"
          onMouseDown={[Function]}
          onMouseEnter={[Function]}
        />
        <div
          className="draw-square"
          data-testid="drawSquare"
          onMouseDown={[Function]}
          onMouseEnter={[Function]}
        />
        <div
          className="draw-square"
          data-testid="drawSquare"
          onMouseDown={[Function]}
          onMouseEnter={[Function]}
        />
        <div
          className="draw-square"
          data-testid="drawSquare"
          onMouseDown={[Function]}
          onMouseEnter={[Function]}
        />
        <div
          className="draw-square"
          data-testid="drawSquare"
          onMouseDown={[Function]}
          onMouseEnter={[Function]}
        />
        <div
          className="draw-square"
          data-testid="drawSquare"
          onMouseDown={[Function]}
          onMouseEnter={[Function]}
        />
      </div>
      <div
        className="draw-row"
      >
        <div
          className="draw-square"
          data-testid="drawSquare"
          onMouseDown={[Function]}
          onMouseEnter={[Function]}
        />
        <div
          className="draw-square"
          data-testid="drawSquare"
          onMouseDown={[Function]}
          onMouseEnter={[Function]}
        />
        <div
          className="draw-square"
          data-testid="drawSquare"
          onMouseDown={[Function]}
          onMouseEnter={[Function]}
        />
        <div
          className="draw-square"
          data-testid="drawSquare"
          onMouseDown={[Function]}
          onMouseEnter={[Function]}
        />
        <div
          className="draw-square"
          data-testid="drawSquare"
          onMouseDown={[Function]}
          onMouseEnter={[Function]}
        />
        <div
          className="draw-square"
          data-testid="drawSquare"
          onMouseDown={[Function]}
          onMouseEnter={[Function]}
        />
        <div
          className="draw-square"
          data-testid="drawSquare"
          onMouseDown={[Function]}
          onMouseEnter={[Function]}
        />
        <div
          className="draw-square"
          data-testid="drawSquare"
          onMouseDown={[Function]}
          onMouseEnter={[Function]}
        />
        <div
          className="draw-square"
          data-testid="drawSquare"
          onMouseDown={[Function]}
          onMouseEnter={[Function]}
        />
        <div
          className="draw-square"
          data-testid="drawSquare"
          onMouseDown={[Function]}
          onMouseEnter={[Function]}
        />
      </div>
      <div
        className="draw-row"
      >
        <div
          className="draw-square"
          data-testid="drawSquare"
          onMouseDown={[Function]}
          onMouseEnter={[Function]}
        />
        <div
          className="draw-square"
          data-testid="drawSquare"
          onMouseDown={[Function]}
          onMouseEnter={[Function]}
        />
        <div
          className="draw-square"
          data-testid="drawSquare"
          onMouseDown={[Function]}
          onMouseEnter={[Function]}
        />
        <div
          className="draw-square"
          data-testid="drawSquare"
          onMouseDown={[Function]}
          onMouseEnter={[Function]}
        />
        <div
          className="draw-square"
          data-testid="drawSquare"
          onMouseDown={[Function]}
          onMouseEnter={[Function]}
        />
        <div
          className="draw-square"
          data-testid="drawSquare"
          onMouseDown={[Function]}
          onMouseEnter={[Function]}
        />
        <div
          className="draw-square"
          data-testid="drawSquare"
          onMouseDown={[Function]}
          onMouseEnter={[Function]}
        />
        <div
          className="draw-square"
          data-testid="drawSquare"
          onMouseDown={[Function]}
          onMouseEnter={[Function]}
        />
        <div
          className="draw-square"
          data-testid="drawSquare"
          onMouseDown={[Function]}
          onMouseEnter={[Function]}
        />
        <div
          className="draw-square"
          data-testid="drawSquare"
          onMouseDown={[Function]}
          onMouseEnter={[Function]}
        />
      </div>
      <div
        className="draw-row"
      >
        <div
          className="draw-square"
          data-testid="drawSquare"
          onMouseDown={[Function]}
          onMouseEnter={[Function]}
        />
        <div
          className="draw-square"
          data-testid="drawSquare"
          onMouseDown={[Function]}
          onMouseEnter={[Function]}
        />
        <div
          className="draw-square"
          data-testid="drawSquare"
          onMouseDown={[Function]}
          onMouseEnter={[Function]}
        />
        <div
          className="draw-square"
          data-testid="drawSquare"
          onMouseDown={[Function]}
          onMouseEnter={[Function]}
        />
        <div
          className="draw-square"
          data-testid="drawSquare"
          onMouseDown={[Function]}
          onMouseEnter={[Function]}
        />
        <div
          className="draw-square"
          data-testid="drawSquare"
          onMouseDown={[Function]}
          onMouseEnter={[Function]}
        />
        <div
          className="draw-square"
          data-testid="drawSquare"
          onMouseDown={[Function]}
          onMouseEnter={[Function]}
        />
        <div
          className="draw-square"
          data-testid="drawSquare"
          onMouseDown={[Function]}
          onMouseEnter={[Function]}
        />
        <div
          className="draw-square"
          data-testid="drawSquare"
          onMouseDown={[Function]}
          onMouseEnter={[Function]}
        />
        <div
          className="draw-square"
          data-testid="drawSquare"
          onMouseDown={[Function]}
          onMouseEnter={[Function]}
        />
      </div>
      <div
        className="draw-row"
      >
        <div
          className="draw-square"
          data-testid="drawSquare"
          onMouseDown={[Function]}
          onMouseEnter={[Function]}
        />
        <div
          className="draw-square"
          data-testid="drawSquare"
          onMouseDown={[Function]}
          onMouseEnter={[Function]}
        />
        <div
          className="draw-square"
          data-testid="drawSquare"
          onMouseDown={[Function]}
          onMouseEnter={[Function]}
        />
        <div
          className="draw-square"
          data-testid="drawSquare"
          onMouseDown={[Function]}
          onMouseEnter={[Function]}
        />
        <div
          className="draw-square"
          data-testid="drawSquare"
          onMouseDown={[Function]}
          onMouseEnter={[Function]}
        />
        <div
          className="draw-square"
          data-testid="drawSquare"
          onMouseDown={[Function]}
          onMouseEnter={[Function]}
        />
        <div
          className="draw-square"
          data-testid="drawSquare"
          onMouseDown={[Function]}
          onMouseEnter={[Function]}
        />
        <div
          className="draw-square"
          data-testid="drawSquare"
          onMouseDown={[Function]}
          onMouseEnter={[Function]}
        />
        <div
          className="draw-square"
          data-testid="drawSquare"
          onMouseDown={[Function]}
          onMouseEnter={[Function]}
        />
        <div
          className="draw-square"
          data-testid="drawSquare"
          onMouseDown={[Function]}
          onMouseEnter={[Function]}
        />
      </div>
      <div
        className="draw-row"
      >
        <div
          className="draw-square"
          data-testid="drawSquare"
          onMouseDown={[Function]}
          onMouseEnter={[Function]}
        />
        <div
          className="draw-square"
          data-testid="drawSquare"
          onMouseDown={[Function]}
          onMouseEnter={[Function]}
        />
        <div
          className="draw-square"
          data-testid="drawSquare"
          onMouseDown={[Function]}
          onMouseEnter={[Function]}
        />
        <div
          className="draw-square"
          data-testid="drawSquare"
          onMouseDown={[Function]}
          onMouseEnter={[Function]}
        />
        <div
          className="draw-square"
          data-testid="drawSquare"
          onMouseDown={[Function]}
          onMouseEnter={[Function]}
        />
        <div
          className="draw-square"
          data-testid="drawSquare"
          onMouseDown={[Function]}
          onMouseEnter={[Function]}
        />
        <div
          className="draw-square"
          data-testid="drawSquare"
          onMouseDown={[Function]}
          onMouseEnter={[Function]}
        />
        <div
          className="draw-square"
          data-testid="drawSquare"
          onMouseDown={[Function]}
          onMouseEnter={[Function]}
        />
        <div
          className="draw-square"
          data-testid="drawSquare"
          onMouseDown={[Function]}
          onMouseEnter={[Function]}
        />
        <div
          className="draw-square"
          data-testid="drawSquare"
          onMouseDown={[Function]}
          onMouseEnter={[Function]}
        />
      </div>
      <div
        className="draw-row"
      >
        <div
          className="draw-square"
          data-testid="drawSquare"
          onMouseDown={[Function]}
          onMouseEnter={[Function]}
        />
        <div
          className="draw-square"
          data-testid="drawSquare"
          onMouseDown={[Function]}
          onMouseEnter={[Function]}
        />
        <div
          className="draw-square"
          data-testid="drawSquare"
          onMouseDown={[Function]}
          onMouseEnter={[Function]}
        />
        <div
          className="draw-square"
          data-testid="drawSquare"
          onMouseDown={[Function]}
          onMouseEnter={[Function]}
        />
        <div
          className="draw-square"
          data-testid="drawSquare"
          onMouseDown={[Function]}
          onMouseEnter={[Function]}
        />
        <div
          className="draw-square"
          data-testid="drawSquare"
          onMouseDown={[Function]}
          onMouseEnter={[Function]}
        />
        <div
          className="draw-square"
          data-testid="drawSquare"
          onMouseDown={[Function]}
          onMouseEnter={[Function]}
        />
        <div
          className="draw-square"
          data-testid="drawSquare"
          onMouseDown={[Function]}
          onMouseEnter={[Function]}
        />
        <div
          className="draw-square"
          data-testid="drawSquare"
          onMouseDown={[Function]}
          onMouseEnter={[Function]}
        />
        <div
          className="draw-square"
          data-testid="drawSquare"
          onMouseDown={[Function]}
          onMouseEnter={[Function]}
        />
      </div>
      <div
        className="draw-row"
      >
        <div
          className="draw-square"
          data-testid="drawSquare"
          onMouseDown={[Function]}
          onMouseEnter={[Function]}
        />
        <div
          className="draw-square"
          data-testid="drawSquare"
          onMouseDown={[Function]}
          onMouseEnter={[Function]}
        />
        <div
          className="draw-square"
          data-testid="drawSquare"
          onMouseDown={[Function]}
          onMouseEnter={[Function]}
        />
        <div
          className="draw-square"
          data-testid="drawSquare"
          onMouseDown={[Function]}
          onMouseEnter={[Function]}
        />
        <div
          className="draw-square"
          data-testid="drawSquare"
          onMouseDown={[Function]}
          onMouseEnter={[Function]}
        />
        <div
          className="draw-square"
          data-testid="drawSquare"
          onMouseDown={[Function]}
          onMouseEnter={[Function]}
        />
        <div
          className="draw-square"
          data-testid="drawSquare"
          onMouseDown={[Function]}
          onMouseEnter={[Function]}
        />
        <div
          className="draw-square"
          data-testid="drawSquare"
          onMouseDown={[Function]}
          onMouseEnter={[Function]}
        />
        <div
          className="draw-square"
          data-testid="drawSquare"
          onMouseDown={[Function]}
          onMouseEnter={[Function]}
        />
        <div
          className="draw-square"
          data-testid="drawSquare"
          onMouseDown={[Function]}
          onMouseEnter={[Function]}
        />
      </div>
    </div>
  </div>
</div>
`;
